
========== STARTING EXPERIMENT ==========
[INFO] Dataset: cath-1.25
[INFO] Model type: dgcn
[INFO] Feature mode: dgdvms
[INFO] Partitions mode: auto
[INFO] Device: cuda
[INFO] Output directory: datasets/cath-1.25/output
[INFO] Random seed set to 42.

========== LOADING DATASET FROM DISK ==========
[INFO] Dataset directory: datasets/cath-1.25
[INFO] Reading dataset label file: datasets/cath-1.25/cath-1.25.txt
[INFO] Loaded 455 samples from label file.
[INFO] Detected 2 unique classes.
[INFO] Indexing dGDVM files in: datasets/cath-1.25/dgdvms
[INFO] Found 455 dGDVM txt files.
[INFO] Processing sample 25/455: 3w3u_A_4_636+668_1089
[INFO] Processing sample 50/455: 1hxi_A_1_100000
[INFO] Processing sample 75/455: 1svx_A_1_100000
[INFO] Processing sample 100/455: 2db0_A_1_100000
[INFO] Processing sample 125/455: 2ooe_A_20_209
[INFO] Processing sample 150/455: 2w3c_A_55_342
[INFO] Processing sample 175/455: 3c5r_A_1_100000
[INFO] Processing sample 200/455: 3gzs_A_1_100000
[INFO] Processing sample 225/455: 3ly7_A_351_511
[INFO] Processing sample 250/455: 3rjv_A_20_163
[INFO] Processing sample 275/455: 3v71_A_1_100000
[INFO] Processing sample 300/455: 4atz_D_1_100000
[INFO] Processing sample 325/455: 4g3a_A_1_100000
[INFO] Processing sample 350/455: 4j8f_A_397_550
[INFO] Processing sample 375/455: 4plq_A_1_100000
